Archive member included because of file (symbol)

c:/winavr-20100110/bin/../lib/gcc/avr/4.3.3/avr5\libgcc.a(_udivmodsi4.o)
                              ./MCAL/TIM0/TIM0_program.o (__udivmodsi4)
c:/winavr-20100110/bin/../lib/gcc/avr/4.3.3/avr5\libgcc.a(_exit.o)
                              c:/winavr-20100110/bin/../lib/gcc/avr/4.3.3/../../../../avr/lib/avr5/crtm32.o (exit)
c:/winavr-20100110/bin/../lib/gcc/avr/4.3.3/avr5\libgcc.a(_copy_data.o)
                              ./HAL/KEYPAD/KEYPAD.program.o (__do_copy_data)
c:/winavr-20100110/bin/../lib/gcc/avr/4.3.3/avr5\libgcc.a(_clear_bss.o)
                              ./MCAL/TIM0/TIM0_program.o (__do_clear_bss)
c:/winavr-20100110/bin/../lib/gcc/avr/4.3.3/avr5\libgcc.a(_udivdi3.o)
                              ./HAL/LCD/LCD_program.o (__udivdi3)
c:/winavr-20100110/bin/../lib/gcc/avr/4.3.3/avr5\libgcc.a(_umoddi3.o)
                              ./HAL/LCD/LCD_program.o (__umoddi3)
c:/winavr-20100110/bin/../lib/gcc/avr/4.3.3/avr5\libgcc.a(_mulsi3.o)
                              c:/winavr-20100110/bin/../lib/gcc/avr/4.3.3/avr5\libgcc.a(_udivdi3.o) (__mulsi3)
c:/winavr-20100110/bin/../lib/gcc/avr/4.3.3/avr5\libgcc.a(_prologue.o)
                              c:/winavr-20100110/bin/../lib/gcc/avr/4.3.3/avr5\libgcc.a(_udivdi3.o) (__prologue_saves__)
c:/winavr-20100110/bin/../lib/gcc/avr/4.3.3/avr5\libgcc.a(_epilogue.o)
                              c:/winavr-20100110/bin/../lib/gcc/avr/4.3.3/avr5\libgcc.a(_udivdi3.o) (__epilogue_restores__)
c:/winavr-20100110/bin/../lib/gcc/avr/4.3.3/avr5\libgcc.a(_clz.o)
                              c:/winavr-20100110/bin/../lib/gcc/avr/4.3.3/avr5\libgcc.a(_udivdi3.o) (__clz_tab)

Memory Configuration

Name             Origin             Length             Attributes
text             0x00000000         0x00020000         xr
data             0x00800060         0x0000ffa0         rw !x
eeprom           0x00810000         0x00010000         rw !x
fuse             0x00820000         0x00000400         rw !x
lock             0x00830000         0x00000400         rw !x
signature        0x00840000         0x00000400         rw !x
*default*        0x00000000         0xffffffff

Linker script and memory map

LOAD c:/winavr-20100110/bin/../lib/gcc/avr/4.3.3/../../../../avr/lib/avr5/crtm32.o
LOAD ./MCAL/TIM0/TIM0_program.o
LOAD ./MCAL/GIE/GIE_program.o
LOAD ./MCAL/EXTI/EXTI_program.o
LOAD ./MCAL/DIO/DIO_program.o
LOAD ./MCAL/ADC/ADC_program.o
LOAD ./HAL/LED/LED_program.o
LOAD ./HAL/LCD/LCD_program.o
LOAD ./HAL/KEYPAD/KEYPAD.program.o
LOAD ./APP/main.o
LOAD c:/winavr-20100110/bin/../lib/gcc/avr/4.3.3/avr5\libgcc.a
LOAD c:/winavr-20100110/bin/../lib/gcc/avr/4.3.3/../../../../avr/lib/avr5\libc.a
LOAD c:/winavr-20100110/bin/../lib/gcc/avr/4.3.3/avr5\libgcc.a

.hash
 *(.hash)

.dynsym
 *(.dynsym)

.dynstr
 *(.dynstr)

.gnu.version
 *(.gnu.version)

.gnu.version_d
 *(.gnu.version_d)

.gnu.version_r
 *(.gnu.version_r)

.rel.init
 *(.rel.init)

.rela.init
 *(.rela.init)

.rel.text
 *(.rel.text)
 *(.rel.text.*)
 *(.rel.gnu.linkonce.t*)

.rela.text
 *(.rela.text)
 *(.rela.text.*)
 *(.rela.gnu.linkonce.t*)

.rel.fini
 *(.rel.fini)

.rela.fini
 *(.rela.fini)

.rel.rodata
 *(.rel.rodata)
 *(.rel.rodata.*)
 *(.rel.gnu.linkonce.r*)

.rela.rodata
 *(.rela.rodata)
 *(.rela.rodata.*)
 *(.rela.gnu.linkonce.r*)

.rel.data
 *(.rel.data)
 *(.rel.data.*)
 *(.rel.gnu.linkonce.d*)

.rela.data
 *(.rela.data)
 *(.rela.data.*)
 *(.rela.gnu.linkonce.d*)

.rel.ctors
 *(.rel.ctors)

.rela.ctors
 *(.rela.ctors)

.rel.dtors
 *(.rel.dtors)

.rela.dtors
 *(.rela.dtors)

.rel.got
 *(.rel.got)

.rela.got
 *(.rela.got)

.rel.bss
 *(.rel.bss)

.rela.bss
 *(.rela.bss)

.rel.plt
 *(.rel.plt)

.rela.plt
 *(.rela.plt)

.text           0x00000000     0x284e
 *(.vectors)
 .vectors       0x00000000       0x54 c:/winavr-20100110/bin/../lib/gcc/avr/4.3.3/../../../../avr/lib/avr5/crtm32.o
                0x00000000                __vectors
                0x00000000                __vector_default
 *(.vectors)
 *(.progmem.gcc*)
 *(.progmem*)
                0x00000054                . = ALIGN (0x2)
                0x00000054                __trampolines_start = .
 *(.trampolines)
 .trampolines   0x00000054        0x0 linker stubs
 *(.trampolines*)
                0x00000054                __trampolines_end = .
 *(.jumptables)
 *(.jumptables*)
 *(.lowtext)
 *(.lowtext*)
                0x00000054                __ctors_start = .
 *(.ctors)
                0x00000054                __ctors_end = .
                0x00000054                __dtors_start = .
 *(.dtors)
                0x00000054                __dtors_end = .
 SORT(*)(.ctors)
 SORT(*)(.dtors)
 *(.init0)
 .init0         0x00000054        0x0 c:/winavr-20100110/bin/../lib/gcc/avr/4.3.3/../../../../avr/lib/avr5/crtm32.o
                0x00000054                __init
 *(.init0)
 *(.init1)
 *(.init1)
 *(.init2)
 .init2         0x00000054        0xc c:/winavr-20100110/bin/../lib/gcc/avr/4.3.3/../../../../avr/lib/avr5/crtm32.o
 *(.init2)
 *(.init3)
 *(.init3)
 *(.init4)
 .init4         0x00000060       0x16 c:/winavr-20100110/bin/../lib/gcc/avr/4.3.3/avr5\libgcc.a(_copy_data.o)
                0x00000060                __do_copy_data
 .init4         0x00000076       0x10 c:/winavr-20100110/bin/../lib/gcc/avr/4.3.3/avr5\libgcc.a(_clear_bss.o)
                0x00000076                __do_clear_bss
 *(.init4)
 *(.init5)
 *(.init5)
 *(.init6)
 *(.init6)
 *(.init7)
 *(.init7)
 *(.init8)
 *(.init8)
 *(.init9)
 .init9         0x00000086        0x8 c:/winavr-20100110/bin/../lib/gcc/avr/4.3.3/../../../../avr/lib/avr5/crtm32.o
 *(.init9)
 *(.text)
 .text          0x0000008e        0x4 c:/winavr-20100110/bin/../lib/gcc/avr/4.3.3/../../../../avr/lib/avr5/crtm32.o
                0x0000008e                __vector_12
                0x0000008e                __bad_interrupt
                0x0000008e                __vector_6
                0x0000008e                __vector_13
                0x0000008e                __vector_17
                0x0000008e                __vector_19
                0x0000008e                __vector_7
                0x0000008e                __vector_5
                0x0000008e                __vector_4
                0x0000008e                __vector_9
                0x0000008e                __vector_15
                0x0000008e                __vector_8
                0x0000008e                __vector_14
                0x0000008e                __vector_18
                0x0000008e                __vector_20
 .text          0x00000092        0x0 ./MCAL/TIM0/TIM0_program.o
 .text          0x00000092        0x0 ./MCAL/GIE/GIE_program.o
 .text          0x00000092        0x0 ./MCAL/EXTI/EXTI_program.o
 .text          0x00000092        0x0 ./MCAL/DIO/DIO_program.o
 .text          0x00000092        0x0 ./MCAL/ADC/ADC_program.o
 .text          0x00000092        0x0 ./HAL/LED/LED_program.o
 .text          0x00000092        0x0 ./HAL/LCD/LCD_program.o
 .text          0x00000092        0x0 ./HAL/KEYPAD/KEYPAD.program.o
 .text          0x00000092        0x0 ./APP/main.o
 .text          0x00000092        0x0 c:/winavr-20100110/bin/../lib/gcc/avr/4.3.3/avr5\libgcc.a(_udivmodsi4.o)
 .text          0x00000092        0x0 c:/winavr-20100110/bin/../lib/gcc/avr/4.3.3/avr5\libgcc.a(_exit.o)
 .text          0x00000092        0x0 c:/winavr-20100110/bin/../lib/gcc/avr/4.3.3/avr5\libgcc.a(_copy_data.o)
 .text          0x00000092        0x0 c:/winavr-20100110/bin/../lib/gcc/avr/4.3.3/avr5\libgcc.a(_clear_bss.o)
 .text          0x00000092      0xcea c:/winavr-20100110/bin/../lib/gcc/avr/4.3.3/avr5\libgcc.a(_udivdi3.o)
                0x00000092                __udivdi3
 .text          0x00000d7c      0xce0 c:/winavr-20100110/bin/../lib/gcc/avr/4.3.3/avr5\libgcc.a(_umoddi3.o)
                0x00000d7c                __umoddi3
 .text          0x00001a5c        0x0 c:/winavr-20100110/bin/../lib/gcc/avr/4.3.3/avr5\libgcc.a(_mulsi3.o)
 .text          0x00001a5c        0x0 c:/winavr-20100110/bin/../lib/gcc/avr/4.3.3/avr5\libgcc.a(_prologue.o)
 .text          0x00001a5c        0x0 c:/winavr-20100110/bin/../lib/gcc/avr/4.3.3/avr5\libgcc.a(_epilogue.o)
 .text          0x00001a5c        0x0 c:/winavr-20100110/bin/../lib/gcc/avr/4.3.3/avr5\libgcc.a(_clz.o)
                0x00001a5c                . = ALIGN (0x2)
 *(.text.*)
 .text.TIM0_voidSetPrescaler
                0x00001a5c       0x10 ./MCAL/TIM0/TIM0_program.o
                0x00001a5c                TIM0_voidSetPrescaler
 .text.TIM0_voidSetMode
                0x00001a6c       0x40 ./MCAL/TIM0/TIM0_program.o
                0x00001a6c                TIM0_voidSetMode
 .text.TIM0_voidInitialization
                0x00001aac       0x42 ./MCAL/TIM0/TIM0_program.o
                0x00001aac                TIM0_voidInitialization
 .text.TIM0_voidSetCompareOutputMode
                0x00001aee       0x1e ./MCAL/TIM0/TIM0_program.o
                0x00001aee                TIM0_voidSetCompareOutputMode
 .text.TIM0_voidOVInterruptEnable
                0x00001b0c        0x8 ./MCAL/TIM0/TIM0_program.o
                0x00001b0c                TIM0_voidOVInterruptEnable
 .text.TIM0_voidOVInterruptDisable
                0x00001b14        0x8 ./MCAL/TIM0/TIM0_program.o
                0x00001b14                TIM0_voidOVInterruptDisable
 .text.TIM0_voidSetOVReg
                0x00001b1c        0x4 ./MCAL/TIM0/TIM0_program.o
                0x00001b1c                TIM0_voidSetOVReg
 .text.TIM0_u8GetOVReg
                0x00001b20        0x4 ./MCAL/TIM0/TIM0_program.o
                0x00001b20                TIM0_u8GetOVReg
 .text.TIM0_voidClearOVFlag
                0x00001b24        0x6 ./MCAL/TIM0/TIM0_program.o
                0x00001b24                TIM0_voidClearOVFlag
 .text.TIM0_voidOVSetCallBack
                0x00001b2a        0xa ./MCAL/TIM0/TIM0_program.o
                0x00001b2a                TIM0_voidOVSetCallBack
 .text.__vector_11
                0x00001b34       0x52 ./MCAL/TIM0/TIM0_program.o
                0x00001b34                __vector_11
 .text.TIM0_voidCTCInterruptEnable
                0x00001b86        0x8 ./MCAL/TIM0/TIM0_program.o
                0x00001b86                TIM0_voidCTCInterruptEnable
 .text.TIM0_voidCTCInterruptDisable
                0x00001b8e        0x8 ./MCAL/TIM0/TIM0_program.o
                0x00001b8e                TIM0_voidCTCInterruptDisable
 .text.TIM0_voidClearCTCFlag
                0x00001b96        0x6 ./MCAL/TIM0/TIM0_program.o
                0x00001b96                TIM0_voidClearCTCFlag
 .text.TIM0_voidCTCSetCallBack
                0x00001b9c        0xa ./MCAL/TIM0/TIM0_program.o
                0x00001b9c                TIM0_voidCTCSetCallBack
 .text.__vector_10
                0x00001ba6       0x52 ./MCAL/TIM0/TIM0_program.o
                0x00001ba6                __vector_10
 .text.TIM0_voidSetCompareReg
                0x00001bf8        0x4 ./MCAL/TIM0/TIM0_program.o
                0x00001bf8                TIM0_voidSetCompareReg
 .text.TIM0_u8GetCompareReg
                0x00001bfc        0x4 ./MCAL/TIM0/TIM0_program.o
                0x00001bfc                TIM0_u8GetCompareReg
 .text.TIM0_voidSetPWMDutyCycle
                0x00001c00       0x2e ./MCAL/TIM0/TIM0_program.o
                0x00001c00                TIM0_voidSetPWMDutyCycle
 .text.GIE_voidEnable
                0x00001c2e        0x8 ./MCAL/GIE/GIE_program.o
                0x00001c2e                GIE_voidEnable
 .text.GIE_voidDisable
                0x00001c36        0x8 ./MCAL/GIE/GIE_program.o
                0x00001c36                GIE_voidDisable
 .text.EXTI_voidSetSenseMode
                0x00001c3e       0x98 ./MCAL/EXTI/EXTI_program.o
                0x00001c3e                EXTI_voidSetSenseMode
 .text.EXTI_voidInterruptEnable
                0x00001cd6       0x24 ./MCAL/EXTI/EXTI_program.o
                0x00001cd6                EXTI_voidInterruptEnable
 .text.EXTI_voidInterruptDisable
                0x00001cfa       0x24 ./MCAL/EXTI/EXTI_program.o
                0x00001cfa                EXTI_voidInterruptDisable
 .text.EXTI_voidInitialization
                0x00001d1e       0x30 ./MCAL/EXTI/EXTI_program.o
                0x00001d1e                EXTI_voidInitialization
 .text.EXTI_voidSetCallBack
                0x00001d4e       0x2c ./MCAL/EXTI/EXTI_program.o
                0x00001d4e                EXTI_voidSetCallBack
 .text.__vector_1
                0x00001d7a       0x52 ./MCAL/EXTI/EXTI_program.o
                0x00001d7a                __vector_1
 .text.__vector_2
                0x00001dcc       0x52 ./MCAL/EXTI/EXTI_program.o
                0x00001dcc                __vector_2
 .text.__vector_3
                0x00001e1e       0x52 ./MCAL/EXTI/EXTI_program.o
                0x00001e1e                __vector_3
 .text.DIO_voidInitialization
                0x00001e70       0x10 ./MCAL/DIO/DIO_program.o
                0x00001e70                DIO_voidInitialization
 .text.DIO_voidSetPinDirection
                0x00001e80       0xf2 ./MCAL/DIO/DIO_program.o
                0x00001e80                DIO_voidSetPinDirection
 .text.DIO_voidSetPortDirection
                0x00001f72       0x26 ./MCAL/DIO/DIO_program.o
                0x00001f72                DIO_voidSetPortDirection
 .text.DIO_voidSetPinValue
                0x00001f98       0xf2 ./MCAL/DIO/DIO_program.o
                0x00001f98                DIO_voidSetPinValue
 .text.DIO_voidTogglePin
                0x0000208a       0x72 ./MCAL/DIO/DIO_program.o
                0x0000208a                DIO_voidTogglePin
 .text.DIO_voidSetPortValue
                0x000020fc       0x26 ./MCAL/DIO/DIO_program.o
                0x000020fc                DIO_voidSetPortValue
 .text.DIO_u8GetPinValue
                0x00002122       0x3c ./MCAL/DIO/DIO_program.o
                0x00002122                DIO_u8GetPinValue
 .text.ADC_voidADCEnable
                0x0000215e        0x4 ./MCAL/ADC/ADC_program.o
                0x0000215e                ADC_voidADCEnable
 .text.ADC_voidADCDisable
                0x00002162        0x4 ./MCAL/ADC/ADC_program.o
                0x00002162                ADC_voidADCDisable
 .text.ADC_voidStartConversion
                0x00002166        0x4 ./MCAL/ADC/ADC_program.o
                0x00002166                ADC_voidStartConversion
 .text.ADC_voidInterruptEnable
                0x0000216a        0x4 ./MCAL/ADC/ADC_program.o
                0x0000216a                ADC_voidInterruptEnable
 .text.ADC_voidInterruptDisable
                0x0000216e        0x4 ./MCAL/ADC/ADC_program.o
                0x0000216e                ADC_voidInterruptDisable
 .text.ADC_u16Read
                0x00002172       0x12 ./MCAL/ADC/ADC_program.o
                0x00002172                ADC_u16Read
 .text.ADC_voidSetCallBack
                0x00002184        0xa ./MCAL/ADC/ADC_program.o
                0x00002184                ADC_voidSetCallBack
 .text.__vector_16
                0x0000218e       0x52 ./MCAL/ADC/ADC_program.o
                0x0000218e                __vector_16
 .text.ADC_voidAutoTrigger
                0x000021e0       0x16 ./MCAL/ADC/ADC_program.o
                0x000021e0                ADC_voidAutoTrigger
 .text.ADC_voidAutoTriggerDisable
                0x000021f6        0x4 ./MCAL/ADC/ADC_program.o
                0x000021f6                ADC_voidAutoTriggerDisable
 .text.ADC_voidSelectChannel
                0x000021fa       0x10 ./MCAL/ADC/ADC_program.o
                0x000021fa                ADC_voidSelectChannel
 .text.ADC_voidSetPrescaler
                0x0000220a       0x10 ./MCAL/ADC/ADC_program.o
                0x0000220a                ADC_voidSetPrescaler
 .text.ADC_voidSetReference
                0x0000221a       0x16 ./MCAL/ADC/ADC_program.o
                0x0000221a                ADC_voidSetReference
 .text.ADC_voidSetAdjustment
                0x00002230       0x10 ./MCAL/ADC/ADC_program.o
                0x00002230                ADC_voidSetAdjustment
 .text.ADC_voidInitialization
                0x00002240       0x2e ./MCAL/ADC/ADC_program.o
                0x00002240                ADC_voidInitialization
 .text.ADC_voidClearInterruptFlag
                0x0000226e        0x4 ./MCAL/ADC/ADC_program.o
                0x0000226e                ADC_voidClearInterruptFlag
 .text.ADC_voidWaitForConversion
                0x00002272        0x6 ./MCAL/ADC/ADC_program.o
                0x00002272                ADC_voidWaitForConversion
 .text.LED_voidToggle
                0x00002278       0x1e ./HAL/LED/LED_program.o
                0x00002278                LED_voidToggle
 .text.LED_voidTurnOff
                0x00002296       0x22 ./HAL/LED/LED_program.o
                0x00002296                LED_voidTurnOff
 .text.LED_voidTurnOn
                0x000022b8       0x22 ./HAL/LED/LED_program.o
                0x000022b8                LED_voidTurnOn
 .text.LCD_voidWriteBus
                0x000022da       0xaa ./HAL/LCD/LCD_program.o
 .text.LCD_voidSendData
                0x00002384       0x22 ./HAL/LCD/LCD_program.o
                0x00002384                LCD_voidSendData
 .text.LCD_voidWriteNumber
                0x000023a6      0x176 ./HAL/LCD/LCD_program.o
                0x000023a6                LCD_voidWriteNumber
 .text.LCD_voidWriteString
                0x0000251c       0x1a ./HAL/LCD/LCD_program.o
                0x0000251c                LCD_voidWriteString
 .text.LCD_voidSendCommand
                0x00002536       0x22 ./HAL/LCD/LCD_program.o
                0x00002536                LCD_voidSendCommand
 .text.LCD_voidClear
                0x00002558       0x10 ./HAL/LCD/LCD_program.o
                0x00002558                LCD_voidClear
 .text.LCD_voidGoToXY
                0x00002568       0x1e ./HAL/LCD/LCD_program.o
                0x00002568                LCD_voidGoToXY
 .text.LCD_voidInitialization
                0x00002586       0x5e ./HAL/LCD/LCD_program.o
                0x00002586                LCD_voidInitialization
 .text.KEYPAD_u8GetPressedKey
                0x000025e4      0x110 ./HAL/KEYPAD/KEYPAD.program.o
                0x000025e4                KEYPAD_u8GetPressedKey
 .text.KEYPAD_voidInitialization
                0x000026f4       0x64 ./HAL/KEYPAD/KEYPAD.program.o
                0x000026f4                KEYPAD_voidInitialization
 .text.main     0x00002758        0x2 ./APP/main.o
                0x00002758                main
 .text.libgcc   0x0000275a       0x44 c:/winavr-20100110/bin/../lib/gcc/avr/4.3.3/avr5\libgcc.a(_udivmodsi4.o)
                0x0000275a                __udivmodsi4
 .text.libgcc   0x0000279e        0x0 c:/winavr-20100110/bin/../lib/gcc/avr/4.3.3/avr5\libgcc.a(_exit.o)
 .text.libgcc   0x0000279e        0x0 c:/winavr-20100110/bin/../lib/gcc/avr/4.3.3/avr5\libgcc.a(_copy_data.o)
 .text.libgcc   0x0000279e        0x0 c:/winavr-20100110/bin/../lib/gcc/avr/4.3.3/avr5\libgcc.a(_clear_bss.o)
 .text.libgcc   0x0000279e       0x3e c:/winavr-20100110/bin/../lib/gcc/avr/4.3.3/avr5\libgcc.a(_mulsi3.o)
                0x0000279e                __mulsi3
 .text.libgcc   0x000027dc       0x38 c:/winavr-20100110/bin/../lib/gcc/avr/4.3.3/avr5\libgcc.a(_prologue.o)
                0x000027dc                __prologue_saves__
 .text.libgcc   0x00002814       0x36 c:/winavr-20100110/bin/../lib/gcc/avr/4.3.3/avr5\libgcc.a(_epilogue.o)
                0x00002814                __epilogue_restores__
                0x0000284a                . = ALIGN (0x2)
 *(.fini9)
 .fini9         0x0000284a        0x0 c:/winavr-20100110/bin/../lib/gcc/avr/4.3.3/avr5\libgcc.a(_exit.o)
                0x0000284a                exit
                0x0000284a                _exit
 *(.fini9)
 *(.fini8)
 *(.fini8)
 *(.fini7)
 *(.fini7)
 *(.fini6)
 *(.fini6)
 *(.fini5)
 *(.fini5)
 *(.fini4)
 *(.fini4)
 *(.fini3)
 *(.fini3)
 *(.fini2)
 *(.fini2)
 *(.fini1)
 *(.fini1)
 *(.fini0)
 .fini0         0x0000284a        0x4 c:/winavr-20100110/bin/../lib/gcc/avr/4.3.3/avr5\libgcc.a(_exit.o)
 *(.fini0)
                0x0000284e                _etext = .

.data           0x00800060      0x11a load address 0x0000284e
                0x00800060                PROVIDE (__data_start, .)
 *(.data)
 .data          0x00800060        0x0 c:/winavr-20100110/bin/../lib/gcc/avr/4.3.3/../../../../avr/lib/avr5/crtm32.o
 .data          0x00800060        0x0 ./MCAL/TIM0/TIM0_program.o
 .data          0x00800060        0x0 ./MCAL/GIE/GIE_program.o
 .data          0x00800060        0x0 ./MCAL/EXTI/EXTI_program.o
 .data          0x00800060        0x0 ./MCAL/DIO/DIO_program.o
 .data          0x00800060        0x0 ./MCAL/ADC/ADC_program.o
 .data          0x00800060        0x0 ./HAL/LED/LED_program.o
 .data          0x00800060        0x0 ./HAL/LCD/LCD_program.o
 .data          0x00800060        0x0 ./HAL/KEYPAD/KEYPAD.program.o
 .data          0x00800060        0x0 ./APP/main.o
 .data          0x00800060        0x0 c:/winavr-20100110/bin/../lib/gcc/avr/4.3.3/avr5\libgcc.a(_udivmodsi4.o)
 .data          0x00800060        0x0 c:/winavr-20100110/bin/../lib/gcc/avr/4.3.3/avr5\libgcc.a(_exit.o)
 .data          0x00800060        0x0 c:/winavr-20100110/bin/../lib/gcc/avr/4.3.3/avr5\libgcc.a(_copy_data.o)
 .data          0x00800060        0x0 c:/winavr-20100110/bin/../lib/gcc/avr/4.3.3/avr5\libgcc.a(_clear_bss.o)
 .data          0x00800060        0x0 c:/winavr-20100110/bin/../lib/gcc/avr/4.3.3/avr5\libgcc.a(_udivdi3.o)
 .data          0x00800060        0x0 c:/winavr-20100110/bin/../lib/gcc/avr/4.3.3/avr5\libgcc.a(_umoddi3.o)
 .data          0x00800060        0x0 c:/winavr-20100110/bin/../lib/gcc/avr/4.3.3/avr5\libgcc.a(_mulsi3.o)
 .data          0x00800060        0x0 c:/winavr-20100110/bin/../lib/gcc/avr/4.3.3/avr5\libgcc.a(_prologue.o)
 .data          0x00800060        0x0 c:/winavr-20100110/bin/../lib/gcc/avr/4.3.3/avr5\libgcc.a(_epilogue.o)
 .data          0x00800060      0x100 c:/winavr-20100110/bin/../lib/gcc/avr/4.3.3/avr5\libgcc.a(_clz.o)
                0x00800060                __clz_tab
 *(.data*)
 *(.rodata)
 *(.rodata*)
 .rodata.KEYPAD_ROWS
                0x00800160        0x8 ./HAL/KEYPAD/KEYPAD.program.o
 .rodata.KEYPAD_KEYS
                0x00800168        0xc ./HAL/KEYPAD/KEYPAD.program.o
 .rodata.KEYPAD_COLS
                0x00800174        0x6 ./HAL/KEYPAD/KEYPAD.program.o
 *(.gnu.linkonce.d*)
                0x0080017a                . = ALIGN (0x2)
                0x0080017a                _edata = .
                0x0080017a                PROVIDE (__data_end, .)

.bss            0x0080017a        0xc
                0x0080017a                PROVIDE (__bss_start, .)
 *(.bss)
 .bss           0x0080017a        0x0 c:/winavr-20100110/bin/../lib/gcc/avr/4.3.3/../../../../avr/lib/avr5/crtm32.o
 .bss           0x0080017a        0x0 ./MCAL/TIM0/TIM0_program.o
 .bss           0x0080017a        0x0 ./MCAL/GIE/GIE_program.o
 .bss           0x0080017a        0x0 ./MCAL/EXTI/EXTI_program.o
 .bss           0x0080017a        0x0 ./MCAL/DIO/DIO_program.o
 .bss           0x0080017a        0x0 ./MCAL/ADC/ADC_program.o
 .bss           0x0080017a        0x0 ./HAL/LED/LED_program.o
 .bss           0x0080017a        0x0 ./HAL/LCD/LCD_program.o
 .bss           0x0080017a        0x0 ./HAL/KEYPAD/KEYPAD.program.o
 .bss           0x0080017a        0x0 ./APP/main.o
 .bss           0x0080017a        0x0 c:/winavr-20100110/bin/../lib/gcc/avr/4.3.3/avr5\libgcc.a(_udivmodsi4.o)
 .bss           0x0080017a        0x0 c:/winavr-20100110/bin/../lib/gcc/avr/4.3.3/avr5\libgcc.a(_exit.o)
 .bss           0x0080017a        0x0 c:/winavr-20100110/bin/../lib/gcc/avr/4.3.3/avr5\libgcc.a(_copy_data.o)
 .bss           0x0080017a        0x0 c:/winavr-20100110/bin/../lib/gcc/avr/4.3.3/avr5\libgcc.a(_clear_bss.o)
 .bss           0x0080017a        0x0 c:/winavr-20100110/bin/../lib/gcc/avr/4.3.3/avr5\libgcc.a(_udivdi3.o)
 .bss           0x0080017a        0x0 c:/winavr-20100110/bin/../lib/gcc/avr/4.3.3/avr5\libgcc.a(_umoddi3.o)
 .bss           0x0080017a        0x0 c:/winavr-20100110/bin/../lib/gcc/avr/4.3.3/avr5\libgcc.a(_mulsi3.o)
 .bss           0x0080017a        0x0 c:/winavr-20100110/bin/../lib/gcc/avr/4.3.3/avr5\libgcc.a(_prologue.o)
 .bss           0x0080017a        0x0 c:/winavr-20100110/bin/../lib/gcc/avr/4.3.3/avr5\libgcc.a(_epilogue.o)
 .bss           0x0080017a        0x0 c:/winavr-20100110/bin/../lib/gcc/avr/4.3.3/avr5\libgcc.a(_clz.o)
 *(.bss*)
 .bss.TIM0_CTCCallBack
                0x0080017a        0x2 ./MCAL/TIM0/TIM0_program.o
 .bss.TIM0_OVCallBack
                0x0080017c        0x2 ./MCAL/TIM0/TIM0_program.o
 .bss.INT2_CallBack
                0x0080017e        0x2 ./MCAL/EXTI/EXTI_program.o
 .bss.INT1_CallBack
                0x00800180        0x2 ./MCAL/EXTI/EXTI_program.o
 .bss.INT0_CallBack
                0x00800182        0x2 ./MCAL/EXTI/EXTI_program.o
 .bss.ADC_CallBack
                0x00800184        0x2 ./MCAL/ADC/ADC_program.o
 *(COMMON)
                0x00800186                PROVIDE (__bss_end, .)
                0x0000284e                __data_load_start = LOADADDR (.data)
                0x00002968                __data_load_end = (__data_load_start + SIZEOF (.data))

.noinit         0x00800186        0x0
                0x00800186                PROVIDE (__noinit_start, .)
 *(.noinit*)
                0x00800186                PROVIDE (__noinit_end, .)
                0x00800186                _end = .
                0x00800186                PROVIDE (__heap_start, .)

.eeprom         0x00810000        0x0
 *(.eeprom*)
                0x00810000                __eeprom_end = .

.fuse
 *(.fuse)
 *(.lfuse)
 *(.hfuse)
 *(.efuse)

.lock
 *(.lock*)

.signature
 *(.signature*)

.stab           0x00000000     0x2370
 *(.stab)
 .stab          0x00000000      0x6cc ./MCAL/TIM0/TIM0_program.o
 .stab          0x000006cc      0x144 ./MCAL/GIE/GIE_program.o
                                0x1d4 (size before relaxing)
 .stab          0x00000810      0x468 ./MCAL/EXTI/EXTI_program.o
                                0x4f8 (size before relaxing)
 .stab          0x00000c78      0x4f8 ./MCAL/DIO/DIO_program.o
                                0x588 (size before relaxing)
 .stab          0x00001170      0x5a0 ./MCAL/ADC/ADC_program.o
                                0x630 (size before relaxing)
 .stab          0x00001710      0x1bc ./HAL/LED/LED_program.o
                                0x24c (size before relaxing)
 .stab          0x000018cc      0x7e0 ./HAL/LCD/LCD_program.o
                                0x870 (size before relaxing)
 .stab          0x000020ac      0x1d4 ./HAL/KEYPAD/KEYPAD.program.o
                                0x264 (size before relaxing)
 .stab          0x00002280       0xf0 ./APP/main.o
                                 0xfc (size before relaxing)

.stabstr        0x00000000     0x135d
 *(.stabstr)
 .stabstr       0x00000000     0x135d ./MCAL/TIM0/TIM0_program.o

.stab.excl
 *(.stab.excl)

.stab.exclstr
 *(.stab.exclstr)

.stab.index
 *(.stab.index)

.stab.indexstr
 *(.stab.indexstr)

.comment
 *(.comment)

.debug
 *(.debug)

.line
 *(.line)

.debug_srcinfo
 *(.debug_srcinfo)

.debug_sfnames
 *(.debug_sfnames)

.debug_aranges  0x00000000       0x40
 *(.debug_aranges)
 .debug_aranges
                0x00000000       0x20 c:/winavr-20100110/bin/../lib/gcc/avr/4.3.3/avr5\libgcc.a(_udivdi3.o)
 .debug_aranges
                0x00000020       0x20 c:/winavr-20100110/bin/../lib/gcc/avr/4.3.3/avr5\libgcc.a(_umoddi3.o)

.debug_pubnames
                0x00000000       0x60
 *(.debug_pubnames)
 .debug_pubnames
                0x00000000       0x20 c:/winavr-20100110/bin/../lib/gcc/avr/4.3.3/avr5\libgcc.a(_udivdi3.o)
 .debug_pubnames
                0x00000020       0x20 c:/winavr-20100110/bin/../lib/gcc/avr/4.3.3/avr5\libgcc.a(_umoddi3.o)
 .debug_pubnames
                0x00000040       0x20 c:/winavr-20100110/bin/../lib/gcc/avr/4.3.3/avr5\libgcc.a(_clz.o)

.debug_info     0x00000000      0xf1e
 *(.debug_info)
 .debug_info    0x00000000      0x71e c:/winavr-20100110/bin/../lib/gcc/avr/4.3.3/avr5\libgcc.a(_udivdi3.o)
 .debug_info    0x0000071e      0x757 c:/winavr-20100110/bin/../lib/gcc/avr/4.3.3/avr5\libgcc.a(_umoddi3.o)
 .debug_info    0x00000e75       0xa9 c:/winavr-20100110/bin/../lib/gcc/avr/4.3.3/avr5\libgcc.a(_clz.o)
 *(.gnu.linkonce.wi.*)

.debug_abbrev   0x00000000      0x37b
 *(.debug_abbrev)
 .debug_abbrev  0x00000000      0x181 c:/winavr-20100110/bin/../lib/gcc/avr/4.3.3/avr5\libgcc.a(_udivdi3.o)
 .debug_abbrev  0x00000181      0x190 c:/winavr-20100110/bin/../lib/gcc/avr/4.3.3/avr5\libgcc.a(_umoddi3.o)
 .debug_abbrev  0x00000311       0x6a c:/winavr-20100110/bin/../lib/gcc/avr/4.3.3/avr5\libgcc.a(_clz.o)

.debug_line     0x00000000      0x484
 *(.debug_line)
 .debug_line    0x00000000      0x1d8 c:/winavr-20100110/bin/../lib/gcc/avr/4.3.3/avr5\libgcc.a(_udivdi3.o)
 .debug_line    0x000001d8      0x230 c:/winavr-20100110/bin/../lib/gcc/avr/4.3.3/avr5\libgcc.a(_umoddi3.o)
 .debug_line    0x00000408       0x7c c:/winavr-20100110/bin/../lib/gcc/avr/4.3.3/avr5\libgcc.a(_clz.o)

.debug_frame    0x00000000       0x40
 *(.debug_frame)
 .debug_frame   0x00000000       0x20 c:/winavr-20100110/bin/../lib/gcc/avr/4.3.3/avr5\libgcc.a(_udivdi3.o)
 .debug_frame   0x00000020       0x20 c:/winavr-20100110/bin/../lib/gcc/avr/4.3.3/avr5\libgcc.a(_umoddi3.o)

.debug_str      0x00000000      0x147
 *(.debug_str)
 .debug_str     0x00000000      0x13d c:/winavr-20100110/bin/../lib/gcc/avr/4.3.3/avr5\libgcc.a(_udivdi3.o)
                                0x18a (size before relaxing)
 .debug_str     0x0000013d        0xa c:/winavr-20100110/bin/../lib/gcc/avr/4.3.3/avr5\libgcc.a(_umoddi3.o)
                                0x18a (size before relaxing)
 .debug_str     0x00000000       0xf4 c:/winavr-20100110/bin/../lib/gcc/avr/4.3.3/avr5\libgcc.a(_clz.o)

.debug_loc      0x00000000     0x1926
 *(.debug_loc)
 .debug_loc     0x00000000      0xe74 c:/winavr-20100110/bin/../lib/gcc/avr/4.3.3/avr5\libgcc.a(_udivdi3.o)
 .debug_loc     0x00000e74      0xab2 c:/winavr-20100110/bin/../lib/gcc/avr/4.3.3/avr5\libgcc.a(_umoddi3.o)

.debug_macinfo
 *(.debug_macinfo)
OUTPUT(NTI_FINAL_PROJECT.elf elf32-avr)
LOAD linker stubs

.debug_ranges   0x00000000       0x30
 .debug_ranges  0x00000000       0x18 c:/winavr-20100110/bin/../lib/gcc/avr/4.3.3/avr5\libgcc.a(_udivdi3.o)
 .debug_ranges  0x00000018       0x18 c:/winavr-20100110/bin/../lib/gcc/avr/4.3.3/avr5\libgcc.a(_umoddi3.o)
